
> renewaa_next@0.1.0 start /app
> next start

▲ Next.js 16.1.6
- Local:         http://localhost:3000
- Network:       http://192.168.0.2:3000

✓ Starting...
✓ Ready in 306ms
TypeError: Failed to parse URL from undefined/api/admin/newadminmail
    at <unknown> (.next/server/chunks/ssr/11940_next_dist_367b143e._.js:1:36937)
    at <unknown> (.next/server/chunks/ssr/11940_next_dist_367b143e._.js:1:36482) {
  [cause]: TypeError: Invalid URL
      at <unknown> (.next/server/chunks/ssr/11940_next_dist_367b143e._.js:1:36937) {
    code: 'ERR_INVALID_URL',
    input: 'undefined/api/admin/newadminmail'
  }
}
TypeError: Failed to parse URL from undefined/api/admin/newadminmail
    at <unknown> (.next/server/chunks/ssr/11940_next_dist_367b143e._.js:1:36937)
    at <unknown> (.next/server/chunks/ssr/11940_next_dist_367b143e._.js:1:36482) {
  [cause]: TypeError: Invalid URL
      at <unknown> (.next/server/chunks/ssr/11940_next_dist_367b143e._.js:1:36937) {
    code: 'ERR_INVALID_URL',
    input: 'undefined/api/admin/newadminmail'
  }
}
TypeError: Failed to parse URL from undefined/api/admin/newadminmail
    at <unknown> (.next/server/chunks/ssr/11940_next_dist_367b143e._.js:1:36937)
    at <unknown> (.next/server/chunks/ssr/11940_next_dist_367b143e._.js:1:36482) {
  [cause]: TypeError: Invalid URL
      at <unknown> (.next/server/chunks/ssr/11940_next_dist_367b143e._.js:1:36937) {
    code: 'ERR_INVALID_URL',
    input: 'undefined/api/admin/newadminmail'
  }
}
